Begin shell script execution.
Begin FizzBuzz execution.
 01
 02
Fizz
 04
Buzz
Fizz
Ping
 08
Fizz
Buzz
Pong
Fizz
 13
Ping
FizzBuzz
 16
 17
Fizz
 19
Buzz
FizzPing
Pong
 23
Fizz
Buzz
